// Jest Snapshot v1, https://goo.gl/fbAQLP

exports[`the input works the input mounts without crashing 1`] = `"<div class=\\"formInput\\"><label class=\\"formInput_label\\" for=\\"input\\">input</label><input class=\\"formInput_input\\" name=\\"input\\" type=\\"text\\" placeholder=\\"\\"></div>"`;
