// Jest Snapshot v1, https://goo.gl/fbAQLP

exports[`the input works the input mounts without crashing 1`] = `"<div><label element=\\"label\\" for=\\"input\\">input</label><input element=\\"input\\" name=\\"input\\" type=\\"text\\" placeholder=\\"\\"></div>"`;
