// Jest Snapshot v1, https://goo.gl/fbAQLP

exports[`it works it loads without crashing 1`] = `
<div
  className="formTextArea"
>
  <label
    className="formTextArea_label"
    element="label"
    htmlFor="text"
  >
    text
  </label>
  <textarea
    className="formTextArea_textArea"
    element="textArea"
    name="text"
    placeholder=""
    required={false}
  />
</div>
`;
