// Jest Snapshot v1, https://goo.gl/fbAQLP

exports[`the input works the input mounts without crashing 1`] = `null`;
