// Jest Snapshot v1, https://goo.gl/fbAQLP

exports[`program/printConfiguration it runs without crashing 1`] = `undefined`;
