// Jest Snapshot v1, https://goo.gl/fbAQLP

exports[`program/templateFileFilter it runs without crashing 1`] = `true`;
