// Jest Snapshot v1, https://goo.gl/fbAQLP

exports[`it works it runs without crashing 1`] = `
"import testFunction from '../test-function';

describe('it works', () => {
  test('it is a function ', () => {
    expect(typeof testFunction).toBe('function');
  });

  test('it runs without crashing', () => {
    expect(testFunction()).toMatchSnapshot();
  });
});
"
`;
