// Jest Snapshot v1, https://goo.gl/fbAQLP

exports[`it works it runs without crashing 1`] = `
"import * as React from 'react'

export type Props = {

};

export type State = {

};
"
`;
