// Jest Snapshot v1, https://goo.gl/fbAQLP

exports[`it works it runs without crashing 1`] = `
"/** @flow */
import * as React from 'react'
// types
import type { Props, State } from './types'
// styles
import './test-component.sass'

class TestComponent extends React.Component<Props, State> {
  state = {}

  static defaultProps = {}

  componentDidMount() {
    return null;
  }

  render() {
    return (
      <section className=\\"testComponent\\">
        TestComponent
        <pre>{JSON.stringify(this.props, null, 2)}</pre>
      </section>
    )
  }
}

export default TestComponent
"
`;
