// Jest Snapshot v1, https://goo.gl/fbAQLP

exports[`it works it runs without crashing 1`] = `
"export { default } from './TestComponent'
export * from './types'
"
`;
