// Jest Snapshot v1, https://goo.gl/fbAQLP

exports[`it works it runs without crashing 1`] = `
"/** @flow */
import * as React from 'react';
import { storiesOf } from '@storybook/react'

import TestComponent from '../TestComponent'

storiesOf('TestComponent', module)
  .add('Demo', () => <TestComponent />)
"
`;
