// Jest Snapshot v1, https://goo.gl/fbAQLP

exports[`it works it runs without crashing 1`] = `
"import * as React from 'react';
import TestRenderer from 'react-test-renderer';
import TestComponent from '../TestComponent';

describe('it works', () => {
  test('it loads without crashing', () => {
    const render = TestRenderer.create(<TestComponent />);
    expect(render.toJSON()).toMatchSnapshot();
  });
});

"
`;
