// Jest Snapshot v1, https://goo.gl/fbAQLP

exports[`it works it runs without crashing 1`] = `
"export const createAction = (value: string) => ({
  type: \\"@TEST_COMPONENT/CREATE_ACTION\\"
});

export const deleteAction = (value: string) => ({
  type: \\"@TEST_COMPONENT/DELETE_ACTION\\"
});
"
`;
