// Jest Snapshot v1, https://goo.gl/fbAQLP

exports[`it works it runs without crashing 1`] = `
"export { default as testComponentReducer } from './test-component-reducer'
export * from './test-component-reducer'
export * from './test-component-actions'
"
`;
