// Jest Snapshot v1, https://goo.gl/fbAQLP

exports[`it works it runs without crashing 1`] = `
"
import type { Action } from './test-component-actions'

export type State = {
  +key: string,
}

export const initialState = {
  key: 'value'
}

const testComponentReducer = (state: State = initialState, action: Action) => {
  switch(action.type) {
    default:
      return state;
  }
}

export default testComponentReducer
"
`;
