// Jest Snapshot v1, https://goo.gl/fbAQLP

exports[`it reads the directory and uses options it reads a directory and adds file contents 1`] = `
Array [
  Object {
    "file": "",
    "path": "/home/developer/Documents/monorepo/packages/directory/src/__tests__/helpers/recursive/file.txt",
  },
  Object {
    "file": "",
    "path": "/home/developer/Documents/monorepo/packages/directory/src/__tests__/helpers/recursive/folder/file.txt",
  },
  Object {
    "file": "/** File */

const thing = 'arbitrary javascript';
",
    "path": "/home/developer/Documents/monorepo/packages/directory/src/__tests__/helpers/recursive/folder/otherfile.js",
  },
  Object {
    "file": "",
    "path": "/home/developer/Documents/monorepo/packages/directory/src/__tests__/helpers/recursive/folder/thing/file.txt",
  },
]
`;
