// Jest Snapshot v1, https://goo.gl/fbAQLP

exports[`it works it runs without crashing 1`] = `"2e7c85bb"`;
