// Jest Snapshot v1, https://goo.gl/fbAQLP

exports[`it works it runs without crashing 1`] = `
Object {
  "destroy": [Function],
  "subscribe": [Function],
}
`;
